============================= test session starts =============================
platform win32 -- Python 3.13.0, pytest-9.0.1, pluggy-1.6.0
rootdir: E:\FQ\Thesis format check
plugins: anyio-4.12.1, hypothesis-6.151.4, asyncio-1.3.0, cov-7.0.0, mock-3.15.1, xdist-3.8.0
asyncio: mode=Mode.STRICT, debug=False, asyncio_default_fixture_loop_scope=None, asyncio_default_test_loop_scope=function
collected 0 items / 1 error

=================================== ERRORS ====================================
____________________ ERROR collecting tests/test_engine.py ____________________
ImportError while importing test module 'E:\FQ\Thesis format check\tests\test_engine.py'.
Hint: make sure your test modules/packages have valid Python names.
Traceback:
E:\python\python313\Lib\importlib\__init__.py:88: in import_module
    return _bootstrap._gcd_import(name[level:], package, level)
           ^^^^^^^^^^^^^^^^^^^^^^^^^^^^^^^^^^^^^^^^^^^^^^^^^^^^
tests\test_engine.py:4: in <module>
    import docx
E   ModuleNotFoundError: No module named 'docx'
=========================== short test summary info ===========================
ERROR tests/test_engine.py
!!!!!!!!!!!!!!!!!!! Interrupted: 1 error during collection !!!!!!!!!!!!!!!!!!!!
============================== 1 error in 0.20s ===============================
